2026-02-24 00:00:16.919 [MessageBroker-5] INFO  c.e.t.websocket.WebSocketCleanupTask - 🧹 Starting scheduled cleanup of inactive WebSocket sessions...
2026-02-24 00:00:16.919 [MessageBroker-1] INFO  c.e.t.websocket.WebSocketCleanupTask - 📊 WebSocket Stats: 0 active, 0 total, avg 0.00 msg/session, avg duration 0ms
2026-02-24 00:00:16.944 [MessageBroker-5] INFO  c.e.t.websocket.WebSocketCleanupTask - 🧹 Cleanup completed: 0 sessions removed, 0 remaining
2026-02-24 00:00:17.152 [MessageBroker-4] DEBUG c.e.t.s.r.i.s.AntivirusScanner - ✓ ClamAV disponible: true (réponse=PONG)
2026-02-24 00:00:17.154 [MessageBroker-4] DEBUG c.e.t.s.r.i.security.ClamAvConfig - ✓ [HEALTH CHECK] ClamAV opérationnel
2026-02-24 00:00:56.408 [http-nio-8090-exec-30] WARN  o.s.w.s.s.t.h.DefaultSockJsService - Origin check enabled but transport 'jsonp' does not support it.
2026-02-24 00:00:56.413 [http-nio-8090-exec-2] WARN  o.s.w.s.s.t.h.DefaultSockJsService - Origin check enabled but transport 'jsonp' does not support it.
2026-02-24 00:01:16.766 [MessageBroker-4] INFO  o.s.w.s.c.WebSocketMessageBrokerStats - WebSocketSession[263 current WS(255)-HttpStream(8)-HttpPoll(0), 824 total, 15 closed abnormally (15 connect failure, 0 send limit, 1 transport error)], stompSubProtocol[processed CONNECT(489)-CONNECTED(489)-DISCONNECT(0)], stompBrokerRelay[null], inboundChannel[pool size = 0, active threads = 0, queued tasks = 0, completed tasks = 3156], outboundChannel[pool size = 0, active threads = 0, queued tasks = 0, completed tasks = 1060], sockJsScheduler[pool size = 8, active threads = 1, queued tasks = 267, completed tasks = 30517]
2026-02-24 00:02:01.427 [http-nio-8090-exec-2] WARN  o.s.w.s.s.t.h.DefaultSockJsService - Origin check enabled but transport 'jsonp' does not support it.
2026-02-24 00:02:01.441 [http-nio-8090-exec-38] WARN  o.s.w.s.s.t.h.DefaultSockJsService - Origin check enabled but transport 'jsonp' does not support it.
2026-02-24 00:02:01.448 [http-nio-8090-exec-29] WARN  o.s.w.s.s.t.h.DefaultSockJsService - Origin check enabled but transport 'jsonp' does not support it.
2026-02-24 00:02:01.531 [http-nio-8090-exec-34] WARN  o.s.w.s.s.t.h.DefaultSockJsService - Origin check enabled but transport 'jsonp' does not support it.
2026-02-24 00:02:17.150 [MessageBroker-6] DEBUG c.e.t.s.r.i.s.AntivirusScanner - ✓ ClamAV disponible: true (réponse=PONG)
2026-02-24 00:02:17.151 [MessageBroker-6] DEBUG c.e.t.s.r.i.security.ClamAvConfig - ✓ [HEALTH CHECK] ClamAV opérationnel
2026-02-24 00:03:06.827 [http-nio-8090-exec-12] INFO  o.s.w.s.m.SubProtocolWebSocketHandler - No messages received after 65221 ms. Closing XhrStreamingSockJsSession[id=q1t1jigr].
2026-02-24 00:03:15.412 [http-nio-8090-exec-28] WARN  o.s.w.s.s.t.h.DefaultSockJsService - Origin check enabled but transport 'jsonp' does not support it.
2026-02-24 00:03:15.427 [http-nio-8090-exec-15] WARN  o.s.w.s.s.t.h.DefaultSockJsService - Origin check enabled but transport 'jsonp' does not support it.
2026-02-24 00:03:15.441 [http-nio-8090-exec-6] WARN  o.s.w.s.s.t.h.DefaultSockJsService - Origin check enabled but transport 'jsonp' does not support it.
2026-02-24 00:03:15.543 [http-nio-8090-exec-12] WARN  o.s.w.s.s.t.h.DefaultSockJsService - Origin check enabled but transport 'jsonp' does not support it.
2026-02-24 00:04:07.476 [http-nio-8090-exec-15] WARN  o.s.w.s.s.t.h.DefaultSockJsService - Origin check enabled but transport 'jsonp' does not support it.
2026-02-24 00:04:07.495 [http-nio-8090-exec-6] WARN  o.s.w.s.s.t.h.DefaultSockJsService - Origin check enabled but transport 'jsonp' does not support it.
2026-02-24 00:04:17.148 [MessageBroker-8] DEBUG c.e.t.s.r.i.s.AntivirusScanner - ✓ ClamAV disponible: true (réponse=PONG)
2026-02-24 00:04:17.151 [MessageBroker-8] DEBUG c.e.t.s.r.i.security.ClamAvConfig - ✓ [HEALTH CHECK] ClamAV opérationnel
2026-02-24 00:05:12.415 [http-nio-8090-exec-12] WARN  o.s.w.s.s.t.h.DefaultSockJsService - Origin check enabled but transport 'jsonp' does not support it.
2026-02-24 00:05:12.420 [http-nio-8090-exec-10] WARN  o.s.w.s.s.t.h.DefaultSockJsService - Origin check enabled but transport 'jsonp' does not support it.
2026-02-24 00:05:12.428 [http-nio-8090-exec-30] WARN  o.s.w.s.s.t.h.DefaultSockJsService - Origin check enabled but transport 'jsonp' does not support it.
2026-02-24 00:05:16.903 [MessageBroker-7] INFO  c.e.t.websocket.WebSocketCleanupTask - 📊 WebSocket Stats: 0 active, 0 total, avg 0.00 msg/session, avg duration 0ms
2026-02-24 00:06:01.401 [http-nio-8090-exec-6] WARN  o.s.w.s.s.t.h.DefaultSockJsService - Origin check enabled but transport 'jsonp' does not support it.
2026-02-24 00:06:01.406 [http-nio-8090-exec-12] WARN  o.s.w.s.s.t.h.DefaultSockJsService - Origin check enabled but transport 'jsonp' does not support it.
2026-02-24 00:06:17.153 [MessageBroker-8] DEBUG c.e.t.s.r.i.s.AntivirusScanner - ✓ ClamAV disponible: true (réponse=PONG)
2026-02-24 00:06:17.154 [MessageBroker-8] DEBUG c.e.t.s.r.i.security.ClamAvConfig - ✓ [HEALTH CHECK] ClamAV opérationnel
2026-02-24 00:07:06.423 [http-nio-8090-exec-30] WARN  o.s.w.s.s.t.h.DefaultSockJsService - Origin check enabled but transport 'jsonp' does not support it.
2026-02-24 00:07:06.430 [http-nio-8090-exec-2] WARN  o.s.w.s.s.t.h.DefaultSockJsService - Origin check enabled but transport 'jsonp' does not support it.
2026-02-24 00:08:11.398 [http-nio-8090-exec-29] INFO  o.s.w.s.m.SubProtocolWebSocketHandler - No messages received after 64892 ms. Closing XhrStreamingSockJsSession[id=a2awycyi].
2026-02-24 00:08:17.151 [MessageBroker-1] DEBUG c.e.t.s.r.i.s.AntivirusScanner - ✓ ClamAV disponible: true (réponse=PONG)
2026-02-24 00:08:17.152 [MessageBroker-1] DEBUG c.e.t.s.r.i.security.ClamAvConfig - ✓ [HEALTH CHECK] ClamAV opérationnel
2026-02-24 00:08:19.395 [http-nio-8090-exec-2] WARN  o.s.w.s.s.t.h.DefaultSockJsService - Origin check enabled but transport 'jsonp' does not support it.
2026-02-24 00:08:19.402 [http-nio-8090-exec-38] WARN  o.s.w.s.s.t.h.DefaultSockJsService - Origin check enabled but transport 'jsonp' does not support it.
2026-02-24 00:08:19.408 [http-nio-8090-exec-34] WARN  o.s.w.s.s.t.h.DefaultSockJsService - Origin check enabled but transport 'jsonp' does not support it.
2026-02-24 00:08:46.856 [SpringApplicationShutdownHook] INFO  o.s.b.w.e.tomcat.GracefulShutdown - Commencing graceful shutdown. Waiting for active requests to complete
